3 client OTA same time



I (124799) WEB_OTAGW: User have response to task: 20251217_103404_758
I (126589) GW_TCP_SERVER: Rx_from_Role::->[CLIENT] Rx keep_alive_ack from sock: 38
I (126599) GW_TCP_SERVER: Rx_from_Role::->[CLIENT] Rx keep_alive_ack from sock: 39
I (126599) GW_TCP_SERVER: Rx_from_Role::->[CLIENT] Rx keep_alive_ack from sock: 48
I (126599) GW_MSG_HANDLER: Processing message from sock 41 (role=1): {"msg_type": "keep_alive_ack18"}
I (126609) GW_MSG_HANDLER: non known json data rxed.
I (126619) GW_MSG_HANDLER: Msg_handler Finish parse for msg_type = keep_alive_ack18
I (131599) GW_TCP_SERVER: Rx_from_Role::->[CLIENT] Rx keep_alive_ack from sock: 38
I (131599) GW_TCP_SERVER: Rx_from_Role::->[CLIENT] Rx keep_alive_ack from sock: 48
I (131609) GW_TCP_SERVER: Rx_from_Role::->[CLIENT] Rx keep_alive_ack from sock: 39
I (131619) GW_MSG_HANDLER: Processing message from sock 41 (role=1): {"msg_type": "keep_alive_ack19"}
I (131619) GW_MSG_HANDLER: non known json data rxed.
I (131629) GW_MSG_HANDLER: Msg_handler Finish parse for msg_type = keep_alive_ack19
I (132079) SYS_INFO: Free heap : 8415152, Min Heap : 8389752
I (132079) SYS_INFO: Task CPU usage : 

I (136589) GW_TCP_SERVER: Rx_from_Role::->[CLIENT] Rx keep_alive_ack from sock: 38
I (136589) GW_TCP_SERVER: Rx_from_Role::->[CLIENT] Rx keep_alive_ack from sock: 39
I (136599) GW_TCP_SERVER: Rx_from_Role::->[CLIENT] Rx keep_alive_ack from sock: 48
I (136639) GW_MSG_HANDLER: Processing message from sock 41 (role=1): {"msg_type": "keep_alive_ack20"}
I (136639) GW_MSG_HANDLER: non known json data rxed.
I (136639) GW_MSG_HANDLER: Msg_handler Finish parse for msg_type = keep_alive_ack20
I (136799) GW_MSG_HANDLER: Processing message from sock 41 (role=1): {"msg_type": "ota_task", "task_id": "20251217_103516_759", "device_name": "Veh1_SCM2", "client_id": "759", "version": "v2.3.0", "firmware_url": "https://192.168.4.2:8080/firmware/ota_client_759_v2.3.0.bin", "timestamp": "20251217_103516", "status": "pending"}
I (136819) GW_MSG_HANDLER: GW Rx ota task, schedule delay dispatch to otaapp 
I (136829) OTA_APP_MGMT: New Task [20251217_103516_759] created in Queue, wait for User response 
I (136839) GW_MSG_HANDLER: Msg_handler Finish parse for msg_type = ota_task
I (141589) GW_TCP_SERVER: Rx_from_Role::->[CLIENT] Rx keep_alive_ack from sock: 38
I (141599) GW_TCP_SERVER: Rx_from_Role::->[CLIENT] Rx keep_alive_ack from sock: 39
I (141599) GW_TCP_SERVER: Rx_from_Role::->[CLIENT] Rx keep_alive_ack from sock: 48
I (141659) GW_MSG_HANDLER: Processing message from sock 41 (role=1): {"msg_type": "keep_alive_ack21"}
I (141659) GW_MSG_HANDLER: non known json data rxed.
I (141659) GW_MSG_HANDLER: Msg_handler Finish parse for msg_type = keep_alive_ack21
I (142079) SYS_INFO: Free heap : 8414676, Min Heap : 8389752
I (142079) SYS_INFO: Task CPU usage : 

I (145609) OTA_APP_MGMT: Sending OTA task to client 759 (IP=192.168.4.3): {"msg_type":"ota_task","task_id":"20251217_103516_759","device_name":"Veh1_SCM2","client_id":"759","version":"v2.3.0","firmware_url":"https://192.168.4.2:8080/firmware/ota_client_759_v2.3.0.bin","features":"","user_response":"User_Accept"},  UI response: User_Accept
I (145629) OTA_APP_MGMT: Client 759 state updated to UPDATING
I (145629) OTA_APP_MGMT:  [20251217_103516_759] init OTA progress for client = 
I (145639) WEB_OTAGW: User have response to task: 20251217_103516_759
I (145679) GW_MSG_HANDLER: Processing message from sock 38 (role=2): {"msg_type":"ota_progress","task_id":"20251217_103516_759","state":"DWLD_DONE"}
I (145679) OTA_APP_MGMT: OTA module Rx Client send download finish signal
I (145689) OTA_APP_MGMT: OTA progress update to 15 percentage 
I (145689) OTA_APP_MGMT: OTA under progress, update the percentage
I (145699) GW_MSG_HANDLER: msg_handler tx the ota_progress to otaapp finished
I (145709) GW_MSG_HANDLER: Msg_handler Finish parse for msg_type = ota_progress
I (146599) GW_TCP_SERVER: Rx_from_Role::->[CLIENT] Rx keep_alive_ack from sock: 38
I (146599) GW_TCP_SERVER: Rx_from_Role::->[CLIENT] Rx keep_alive_ack from sock: 39
I (146599) GW_TCP_SERVER: Rx_from_Role::->[CLIENT] Rx keep_alive_ack from sock: 48
I (146669) GW_MSG_HANDLER: Processing message from sock 41 (role=1): {"msg_type": "keep_alive_ack22"}
I (146669) GW_MSG_HANDLER: non known json data rxed.
I (146669) GW_MSG_HANDLER: Msg_handler Finish parse for msg_type = keep_alive_ack22
I (146699) OTA_APP_MGMT:  progress upgrading ::: 20% 
I (147699) OTA_APP_MGMT:  progress upgrading ::: 25% 
I (148699) OTA_APP_MGMT:  progress upgrading ::: 30% 
I (149699) OTA_APP_MGMT:  progress upgrading ::: 35% 
I (150699) OTA_APP_MGMT:  progress upgrading ::: 40% 
I (151589) GW_MSG_HANDLER: Processing message from sock 41 (role=1): {"msg_type": "keep_alive_ack23"}
I (151589) GW_MSG_HANDLER: non known json data rxed.
I (151589) GW_MSG_HANDLER: Msg_handler Finish parse for msg_type = keep_alive_ack23
I (151599) GW_TCP_SERVER: Rx_from_Role::->[CLIENT] Rx keep_alive_ack from sock: 39
I (151599) GW_TCP_SERVER: Rx_from_Role::->[CLIENT] Rx keep_alive_ack from sock: 38
I (151599) GW_TCP_SERVER: Rx_from_Role::->[CLIENT] Rx keep_alive_ack from sock: 48
I (151699) OTA_APP_MGMT:  progress upgrading ::: 45% 
I (152079) SYS_INFO: Free heap : 8414628, Min Heap : 8389752
I (152079) %s: Successfully allocated 1KB from PSRAM.
Guru Meditation Error: Core  0 panic'ed (LoadProhibited). Exception was unhandled.

Core  0 register dump:
PC      : 0x400556b4  PS      : 0x00060830  A0      : 0x8208ec79  A1      : 0x3fcd4880  
--- 0x400556b4: strlen in ROM
A2      : 0x0a0d2531  A3      : 0x0a0d252d  A4      : 0x000000ff  A5      : 0x0000ff00  
A6      : 0x00ff0000  A7      : 0xff000000  A8      : 0x00000000  A9      : 0x3fcd4840  
A10     : 0x00000000  A11     : 0x3fcd4ac4  A12     : 0x3fcd4a94  A13     : 0x00000000  
A14     : 0x0000002b  A15     : 0x3c0a5f00  SAR     : 0x0000001c  EXCCAUSE: 0x0000001c  
EXCVADDR: 0x0a0d2531  LBEG    : 0x400556d5  LEND    : 0x400556e5  LCOUNT  : 0xfffffff4  
--- 0x400556d5: strlen in ROM
--- 0x400556e5: strlen in ROM


Backtrace: 0x400556b1:0x3fcd4880 0x4208ec76:0x3fcd4890 0x42086601:0x3fcd4bb0 0x40382277:0x3fcd4be0 0x4200c876:0x3fcd4c40 0x4209a8d6:0x3fcd4e70
--- 0x400556b1: strlen in ROM
--- 0x4208ec76: _vfprintf_r at /builds/idf/crosstool-NG/.build/xtensa-esp-elf/src/newlib/newlib/libc/stdio/vfprintf.c:1278
--- 0x42086601: vprintf at /builds/idf/crosstool-NG/.build/xtensa-esp-elf/src/newlib/newlib/libc/stdio/vprintf.c:34
--- 0x40382277: esp_log_va at /Users/maochun/esp32prj/esp-idf/components/log/src/log.c:43
--- (inlined by) esp_log at /Users/maochun/esp32prj/esp-idf/components/log/src/log.c:88
--- 0x4200c876: system_monitor_task at /Users/maochun/esp32prj/Project_CAM/branch/ota_GW/ota_gw/handler/init/init.c:49
--- 0x4209a8d6: vPortTaskWrapper at /Users/maochun/esp32prj/esp-idf/components/freertos/FreeRTOS-Kernel/portable/xtensa/port.c:139




ELF file SHA256: 1661377fc

Rebooting...
ESP-ROM:esp32s3-20210327
Build:Mar 27 2021
rst:0xc (RTC_SW_CPU_RST),boot:0x8 (SPI_FAST_FLASH_BOOT)
Saved PC:0x4037d24d
--- 0x4037d24d: esp_restart_noos at /Users/maochun/esp32prj/esp-idf/components/esp_system/port/soc/esp32s3/system_internal.c:164
SPIWP:0xee
mode:DIO, clock div:1
load:0x3fce2820,len:0x16fc
load:0x403c8700,len:0xf14
--- 0x403c8700: _stext at ??:?
load:0x403cb700,len:0x3214
entry 0x403c8930
--- 0x403c8930: call_start_cpu0 at /Users/maochun/esp32prj/esp-idf/components/bootloader/subproject/main/bootloader_start.c:25
I (29) boot: ESP-IDF v6.0-dev-2039-g2044fba6e7 2nd stage bootloader
I (29) boot: compile time Dec 17 2025 10:19:24
I (29) boot: Multicore bootloader
I (31) boot: chip revision: v0.2
I (34) boot: efuse block revision: v1.3
I (37) qio_mode: Enabling default flash chip QIO
I (42) boot.esp32s3: Boot SPI Speed : 80MHz
I (46) boot.esp32s3: SPI Mode       : QIO
I (49) boot.esp32s3: SPI Flash Size : 16MB
I (53) boot: Enabling RNG early entropy source...
I (58) boot: Partition Table:
I (60) boot: ## Label            Usage          Type ST Offset   Length
I (67) boot:  0 nvs              WiFi data        01 02 00009000 00005000
I (73) boot:  1 otadata          OTA data         01 00 0000e000 00002000
I (80) boot:  2 app0             OTA app          00 10 00010000 00400000
I (86) boot:  3 app1             OTA app          00 11 00410000 00400000
I (93) boot:  4 spiffs           Unknown data     01 82 00810000 00770000
I (99) boot: End of partition table
I (103) esp_image: segment 0: paddr=00010020 vaddr=3c0a0020 size=1ee10h (126480) map
I (129) esp_image: segment 1: paddr=0002ee38 vaddr=3fc99800 size=011e0h (  4576) load
I (130) esp_image: segment 2: paddr=00030020 vaddr=42000020 size=9e2e0h (647904) map
I (231) esp_image: segment 3: paddr=000ce308 vaddr=3fc9a9e0 size=03f78h ( 16248) load
I (234) esp_image: segment 4: paddr=000d2288 vaddr=40374000 size=1575ch ( 87900) load
I (252) esp_image: segment 5: paddr=000e79ec vaddr=50000000 size=00020h (    32) load
I (261) boot: Loaded app from partition at offset 0x10000
I (261) boot: Disabling RNG early entropy source...
I (272) octal_psram: vendor id    : 0x0d (AP)
I (272) octal_psram: dev id       : 0x02 (generation 3)
I (272) octal_psram: density      : 0x03 (64 Mbit)
I (274) octal_psram: good-die     : 0x01 (Pass)
I (278) octal_psram: Latency      : 0x01 (Fixed)
I (282) octal_psram: VCC          : 0x01 (3V)
I (287) octal_psram: SRF          : 0x01 (Fast Refresh)
I (291) octal_psram: BurstType    : 0x01 (Hybrid Wrap)
I (296) octal_psram: BurstLen     : 0x01 (32 Byte)
I (301) octal_psram: Readlatency  : 0x02 (10 cycles@Fixed)
I (306) octal_psram: DriveStrength: 0x00 (1/1)
I (311) MSPI Timing: PSRAM timing tuning index: 11
I (315) esp_psram: Found 8MB PSRAM device
I (318) esp_psram: Speed: 80MHz
I (321) cpu_start: Multicore app
I (757) esp_psram: SPI SRAM memory test OK
I (765) cpu_start: GPIO 44 and 43 are used as console UART I/O pins
I (766) cpu_start: Pro cpu start user code
I (766) cpu_start: cpu freq: 160000000 Hz
I (767) app_init: Application information:
I (771) app_init: Project name:     ota_gw
I (775) app_init: App version:      2.1.1
I (779) app_init: Compile time:     Dec 17 2025 10:20:30
I (784) app_init: ELF file SHA256:  1661377fc...
I (788) app_init: ESP-IDF:          v6.0-dev-2039-g2044fba6e7
I (794) efuse_init: Min chip rev:     v0.0
I (797) efuse_init: Max chip rev:     v0.99 
I (801) efuse_init: Chip rev:         v0.2
I (805) heap_init: Initializing. RAM available for dynamic allocation:
I (812) heap_init: At 3FCA6470 len 000432A0 (268 KiB): RAM
I (817) heap_init: At 3FCE9710 len 00005724 (21 KiB): RAM
I (822) heap_init: At 3FCF0000 len 00008000 (32 KiB): DRAM
I (827) heap_init: At 600FE000 len 00001FE8 (7 KiB): RTCRAM
I (833) esp_psram: Adding pool of 8192K of PSRAM memory to heap allocator
I (840) spi_flash: detected chip: boya
I (842) spi_flash: flash io: qio
W (846) i2c: This driver is an old driver, please migrate your application code to adapt `driver/i2c_master.h`
I (855) sleep_gpio: Configure to isolate all GPIO pins in sleep state
I (861) sleep_gpio: Enable automatic switching of GPIO sleep configuration
I (869) main_task: Started on CPU0
I (889) main_task: Calling app_main()
ESP32S3 Boot Success...
I (909) pp: pp rom version: e7ae62f
I (909) net80211: net80211 rom version: e7ae62f
I (919) wifi:wifi driver task: 3fcb7780, prio:23, stack:6656, core=0
I (919) wifi:wifi firmware version: df85326
I (919) wifi:wifi certification version: v7.0
I (919) wifi:config NVS flash: enabled
I (919) wifi:config nano formatting: disabled
I (929) wifi:Init data frame dynamic rx buffer num: 64
I (929) wifi:Init static rx mgmt buffer num: 5
I (939) wifi:Init management short buffer num: 32
I (939) wifi:Init static tx buffer num: 32
I (949) wifi:Init tx cache buffer num: 32
I (949) wifi:Init static tx FG buffer num: 2
I (949) wifi:Init static rx buffer size: 1600
I (959) wifi:Init static rx buffer num: 16
I (959) wifi:Init dynamic rx buffer num: 64
I (969) wifi_init: rx ba win: 6
I (969) wifi_init: accept mbox: 6
I (969) wifi_init: tcpip mbox: 32
I (969) wifi_init: udp mbox: 6
I (979) wifi_init: tcp mbox: 6
I (979) wifi_init: tcp tx win: 5760
I (979) wifi_init: tcp rx win: 5760
I (989) wifi_init: tcp mss: 1440
I (989) wifi_init: WiFi/LWIP prefer SPIRAM
I (989) wifi_init: WiFi IRAM OP enabled
I (999) wifi_init: WiFi RX IRAM OP enabled
I (1009) phy_init: phy_version 701,f4f1da3a,Mar  3 2025,15:50:10
I (1039) wifi:mode : softAP (dc:b4:d9:10:4d:b1)
I (1049) wifi:Total power save buffer number: 16
I (1049) wifi:Init max length of beacon: 752/752
I (1049) wifi:Init max length of beacon: 752/752
I (1049) esp_netif_lwip: DHCP server started on interface WIFI_AP_DEF with IP: 192.168.4.1
I (1059) wifi_ap: SoftAP started: SSID=OTA-GW, gateway=192.168.4.1, netmask=255.255.255.0, protocol=b/g/n, PMF=capable/not-required
I (1069) PSRAM: PSRAM size: 8388608 bytes
I (1069) PSRAM: Free heap: 8476128 bytes
I (1079) PSRAM: PSRAM is initialized and ready.
I (1079) PSRAM: Successfully allocated 1KB from PSRAM.
I (1529) SPIFFS: SPIFFS mounted successfully
I (1529) SPIFFS: Partition size: total=7161281, used=2940716
I (1529) common_gpio: Starting GPIO initialization...
I (1529) common_gpio: STBY GPIO 17 set to HIGH
I (1539) common_gpio: Motor GPIOs initialized
I (1539) common_gpio: All GPIOs initialized
I (1549) common_gpio: LEDC channels initialized
I (1549) GW_TCP_Sock: tcp_server_task started on port : 9001
I (1559) GW_TCP_Sock: TCP_Server listening on port : 9001 
I (1559) GW_TCP_Sock: tcp_server_task started on port : 9002
I (1559) WEB_OTAGW: OTA Gateway Webserver started
I (1569) GW_TCP_Sock: TCP_Server listening on port : 9002 
I (1569) SYS_INFO: Free heap : 8444264, Min Heap : 8444052
I (1579) SYS_INFO: Task CPU usage : 
sys_mon         4827            <1%
main            569011          75%
IDLE1           375404          50%
IDLE0           21816           2%
gw_keep_alive_t 20              <1%
tiT             9115            1%
Tmr Svc         57              <1%
ipc1            351778          46%
tcp_server_9001 10136           1%
esp_timer       469             <1%
httpd           685             <1%
sys_evt         607             <1%
tcp_server_9002 11089           1%
wifi            101475          13%
ipc0            36177           4%

系统初始化完成，等待客户端连接...
I (1619) main_task: Returned from app_main()
I (2219) wifi:new:<1,1>, old:<1,1>, ap:<1,1>, sta:<255,255>, prof:1, snd_ch_cfg:0x0
I (2219) wifi:station: 5c:5f:67:ed:16:1a join, AID=1, bgn, 40U
I (2279) esp_netif_lwip: DHCP server assigned IP to a client, IP is: 192.168.4.2
I (2399) wifi:new:<1,1>, old:<1,1>, ap:<1,1>, sta:<255,255>, prof:1, snd_ch_cfg:0x0
I (2399) wifi:station: dc:b4:d9:04:7c:04 join, AID=2, bgn, 40U
I (2419) wifi:new:<1,1>, old:<1,1>, ap:<1,1>, sta:<255,255>, prof:1, snd_ch_cfg:0x0
I (2419) wifi:station: 1c:db:d4:af:1f:60 join, AID=4, bgn, 40U
I (2419) wifi:new:<1,1>, old:<1,1>, ap:<1,1>, sta:<255,255>, prof:1, snd_ch_cfg:0x0
I (2429) wifi:station: dc:b4:d9:10:5f:a8 join, AID=3, bgn, 40U
I (2469) esp_netif_lwip: DHCP server assigned IP to a client, IP is: 192.168.4.3
I (2499) esp_netif_lwip: DHCP server assigned IP to a client, IP is: 192.168.4.4
I (2499) esp_netif_lwip: DHCP server assigned IP to a client, IP is: 192.168.4.5
I (3499) wifi:<ba-add>idx:2 (ifx:1, dc:b4:d9:04:7c:04), tid:0, ssn:0, winSize:64
I (3499) GW_TCP_Sock: Client connected, sock = 38, ip = 192.168.4.3, port = 52415
I (3509) GW_TCP_Sock: tcp_client_task started for sock = 38
I (3529) GW_MSG_HANDLER: Processing message from sock 38 (role=2): {"msg_type":"register","device_name":"Veh1_SCM1","client_id":"758","mac":"DC:B4:D9:04:7C:04","version":"1.1.0","ip":"192.168.4.3"}
I (3529) wifi:<ba-add>idx:3 (ifx:1, 1c:db:d4:af:1f:60), tid:0, ssn:0, winSize:64
I (3539) CLIENT_REGISTER: Saving client register: name=Veh1_SCM1, id=758, mac=DC:B4:D9:04:7C:04, ip=192.168.4.3, ver=1.1.0, sock=38
I (3539) wifi:I (3549) GW_MSG_HANDLER: Msg_handler Finish parse for msg_type = register
<ba-add>idx:4 (ifx:1, dc:b4:d9:10:5f:a8), tid:0, ssn:0, winSize:64
I (3569) GW_TCP_Sock: Client connected, sock = 39, ip = 192.168.4.5, port = 61364
I (3579) GW_TCP_Sock: tcp_client_task started for sock = 39
I (3579) GW_TCP_Sock: Client connected, sock = 40, ip = 192.168.4.4, port = 51428
I (3589) GW_MSG_HANDLER: Processing message from sock 39 (role=2): {"msg_type":"register","device_name":"Veh1_SCM2","client_id":"759","mac":"DC:B4:D9:10:5F:A8","version":"1.1.0","ip":"192.168.4.5"}
I (3589) GW_TCP_Sock: tcp_client_task started for sock = 40
I (3599) GW_MSG_HANDLER: Processing message from sock 38 (role=2): {"msg_type":"ota_result","task_id":"20251217_103400_758","state":"complete"}
I (3599) CLIENT_REGISTER: Saving client register: name=Veh1_SCM2, id=759, mac=DC:B4:D9:10:5F:A8, ip=192.168.4.5, ver=1.1.0, sock=39
I (3609) GW_MSG_HANDLER: Processing message from sock 40 (role=2): {"msg_type":"register","device_name":"Veh2_SCM3","client_id":"760","mac":"1C:DB:D4:AF:1F:60","version":"1.1.0","ip":"192.168.4.4"}
I (3619) GW_MSG_HANDLER: Msg_handler Finish parse for msg_type = ota_result
I (3629) GW_MSG_HANDLER: Msg_handler Finish parse for msg_type = register
I (3649) CLIENT_REGISTER: Saving client register: name=Veh2_SCM3, id=760, mac=1C:DB:D4:AF:1F:60, ip=192.168.4.4, ver=1.1.0, sock=40
I (3659) GW_MSG_HANDLER: Processing message from sock 39 (role=2): {"msg_type":"ota_result","task_id":"Null","state":"NA"}
I (3679) GW_MSG_HANDLER: Msg_handler Finish parse for msg_type = register
I (3689) GW_MSG_HANDLER: Msg_handler Finish parse for msg_type = ota_result
I (3689) GW_MSG_HANDLER: Processing message from sock 40 (role=2): {"msg_type":"ota_result","task_id":"20251216_181124_759","state":"complete"}
I (3709) GW_MSG_HANDLER: Msg_handler Finish parse for msg_type = ota_result
I (4079) wifi:<ba-add>idx:5 (ifx:1, 5c:5f:67:ed:16:1a), tid:0, ssn:56, winSize:64
I (4279) esp_netif_lwip: DHCP server assigned IP to a client, IP is: 192.168.4.2
I (6559) GW_TCP_SERVER: Rx_from_Role::->[CLIENT] Rx keep_alive_ack from sock: 38
I (6569) GW_TCP_SERVER: Rx_from_Role::->[CLIENT] Rx keep_alive_ack from sock: 40
I (6569) GW_TCP_SERVER: Rx_from_Role::->[CLIENT] Rx keep_alive_ack from sock: 39

2nd test failed